Microchip MPLAB XC8 Compiler V1.35 ()

Linker command line:

--edf=C:\Program Files (x86)\Microchip\xc8\v1.35\dat\en_msgs.txt -cs \
  -h+dist/default/production\ActualProperRealFinalGuitarTuner18F2550.X.production.sym \
  --cmf=dist/default/production\ActualProperRealFinalGuitarTuner18F2550.X.production.cmf \
  -z -Q18F2550 -oC:\Users\1407KP~1.ACA\AppData\Local\Temp\slo.2 \
  -Mdist/default/production/ActualProperRealFinalGuitarTuner18F2550.X.production.map \
  -E1 -ver=XC8 -ASTACK=01C6h-07ffh -pstack=STACK -ACODE=00h-07FFFh \
  -ACONST=00h-07FFFh -ASMALLCONST=0800h-08FFhx120 \
  -AMEDIUMCONST=0800h-07FFFh -ACOMRAM=01h-05Fh -AABS1=00h-07FFh \
  -ABIGRAM=01h-07FFh -ARAM=060h-0FFh,0100h-01FFhx7 -ABANK0=060h-0FFh \
  -ABANK1=0100h-01FFh -ABANK2=0200h-02FFh -ABANK3=0300h-03FFh \
  -ABANK4=0400h-04FFh -ABANK5=0500h-05FFh -ABANK6=0600h-06FFh \
  -ABANK7=0700h-07FFh -ASFR=0F60h-0FFFh \
  -preset_vec=00h,intcode=08h,intcodelo,powerup,init,end_init \
  -pramtop=0800h -psmallconst=SMALLCONST -pmediumconst=MEDIUMCONST \
  -pconst=CONST -AFARRAM=00h-00h -ACONFIG=0300000h-030000Dh -pconfig=CONFIG \
  -AIDLOC=0200000h-0200007h -pidloc=IDLOC -AEEDATA=0F00000h-0F000FFh \
  -peeprom_data=EEDATA \
  -prdata=COMRAM,nvrram=COMRAM,nvbit=COMRAM,rbss=COMRAM,rbit=COMRAM \
  -pfarbss=FARRAM,fardata=FARRAM,nvFARRAM=FARRAM \
  -pintsave_regs=BIGRAM,bigbss=BIGRAM,bigdata=BIGRAM -pbss=RAM \
  -pidata=CODE,irdata=CODE,ibigdata=CODE,ifardata=CODE -prparam=COMRAM \
  C:\Users\1407KP~1.ACA\AppData\Local\Temp\slo.obj \
  dist/default/production\ActualProperRealFinalGuitarTuner18F2550.X.production.obj 

Object code version is 3.11

Machine type is 18F2550

Call graph: (short form)




                Name                               Link     Load   Length Selector   Space Scale
C:\Users\1407KP~1.ACA\AppData\Local\Temp\slo.obj
                end_init                             16       16        4        4       0
                reset_vec                             0        0        4        0       0
                idloc                            200000   200000        8   200000       0
                config                           300000   300000        E   300000       0
dist/default/production\ActualProperRealFinalGuitarTuner18F2550.X.production.obj
                intcode                               8        8        E        4       0
                temp                                 51       51        1        1       1
                smallconst                          800      800       52      400       0
                intcode_body                       1DD0     1DD0       82      429       0
                text22                             1D4E     1D4E       82      429       0
                text21                             1C10     1C10       AE      429       0
                text20                             1E52     1E52       5C      429       0
                text19                             1EAE     1EAE       56      429       0
                text18                             1F54     1F54       46      429       0
                text17                             1A72     1A72       D8      429       0
                text16                             18AC     18AC       E6      429       0
                text15                             2020     2020       42      429       0
                text14                             1FDE     1FDE       42      429       0
                text13                             1F9A     1F9A       44      429       0
                text12                             2102     2102       10      429       0
                text11                             1F04     1F04       50      429       0
                text10                              852      852      4E4      429       0
                text9                              14C6     14C6      1AC      429       0
                text8                              1CBE     1CBE       90      429       0
                text7                              17B8     17B8       F4      429       0
                text6                              20C2     20C2       24      429       0
                text5                              209C     209C       26      429       0
                text4                               D36      D36      4CA      429       0
                text3                              1200     1200      2C6      429       0
                text2                              20E6     20E6       1C      429       0
                text1                              1672     1672      146      429       0
                text0                              1992     1992       E0      429       0
                cstackCOMRAM                          1        1       4C        1       1
                cstackBANK0                          60       60       28       60       1
                dataBANK1                           100      100       C6      100       1
                bssCOMRAM                            4D       4D        4        1       1
                cinit                              2062     2062       3A      429       0
                idataBANK1                         1B4A     1B4A       C6      429       0

TOTAL           Name                               Link     Load   Length     Space
        CLASS   STACK          

        CLASS   CODE           
                end_init                             16       16        4         0
                intcode                               8        8        E         0
                reset_vec                             0        0        4         0
                intcode_body                       1DD0     1DD0       82         0
                text22                             1D4E     1D4E       82         0
                text21                             1C10     1C10       AE         0
                text20                             1E52     1E52       5C         0
                text19                             1EAE     1EAE       56         0
                text18                             1F54     1F54       46         0
                text17                             1A72     1A72       D8         0
                text16                             18AC     18AC       E6         0
                text15                             2020     2020       42         0
                text14                             1FDE     1FDE       42         0
                text13                             1F9A     1F9A       44         0
                text12                             2102     2102       10         0
                text11                             1F04     1F04       50         0
                text10                              852      852      4E4         0
                text9                              14C6     14C6      1AC         0
                text8                              1CBE     1CBE       90         0
                text7                              17B8     17B8       F4         0
                text6                              20C2     20C2       24         0
                text5                              209C     209C       26         0
                text4                               D36      D36      4CA         0
                text3                              1200     1200      2C6         0
                text2                              20E6     20E6       1C         0
                text1                              1672     1672      146         0
                text0                              1992     1992       E0         0
                cinit                              2062     2062       3A         0
                idataBANK1                         1B4A     1B4A       C6         0

        CLASS   CONST          

        CLASS   SMALLCONST     
                smallconst                          800      800       52         0

        CLASS   MEDIUMCONST    

        CLASS   COMRAM         
                temp                                 51       51        1         1
                cstackCOMRAM                          1        1       4C         1
                bssCOMRAM                            4D       4D        4         1

        CLASS   ABS1           

        CLASS   BIGRAM         

        CLASS   RAM            

        CLASS   BANK0          
                cstackBANK0                          60       60       28         1

        CLASS   BANK1          
                dataBANK1                           100      100       C6         1

        CLASS   BANK2          

        CLASS   BANK3          

        CLASS   BANK4          

        CLASS   BANK5          

        CLASS   BANK6          

        CLASS   BANK7          

        CLASS   SFR            

        CLASS   FARRAM         

        CLASS   CONFIG         
                config                           300000   300000        E         0

        CLASS   IDLOC          
                idloc                            200000   200000        8         0

        CLASS   EEDATA         



SEGMENTS        Name                           Load    Length   Top    Selector   Space  Class

                reset_vec                      000000  000004  000004         0       0  CODE    
                cstackCOMRAM                   000001  000051  000052         1       1  COMRAM  
                intcode                        000008  000012  00001A         4       0  CODE    
                cstackBANK0                    000060  000028  000088        60       1  BANK0   
                dataBANK1                      000100  0000C6  0001C6       100       1  BANK1   
                smallconst                     000800  000052  000852       400       0  SMALLCON
                text10                         000852  0018C0  002112       429       0  CODE    
                idloc                          200000  000008  200008    200000       0  IDLOC   
                config                         300000  00000E  30000E    300000       0  CONFIG  


UNUSED ADDRESS RANGES

        Name                Unused          Largest block    Delta
        BANK0            000088-0000FF               78
        BANK1            0001C6-0001FF               3A
        BANK2            000200-0002FF              100
        BANK3            000300-0003FF              100
        BANK4            000400-0004FF              100
        BANK5            000500-0005FF              100
        BANK6            000600-0006FF              100
        BANK7            000700-0007FF              100
        BIGRAM           000052-00005F                E
                         000088-0000FF               78
                         0001C6-0007FF              63A
        CODE             000004-000007                4
                         00001A-0007FF              7E6
                         002112-007FFF             5EEE
        COMRAM           000052-00005F                E
        CONST            000004-000007                4
                         00001A-0007FF              7E6
                         002112-007FFF             5EEE
        EEDATA           F00000-F000FF              100
        MEDIUMCONST      002112-007FFF             5EEE
        RAM              000088-0000FF               78
                         0001C6-0007FF              100
        SFR              000F60-000FFF               A0
        SMALLCONST       002112-007FFF              100
        STACK            0001C6-0007FF              63A

                                  Symbol Table

?___ftadd                          cstackCOMRAM 000018
?___ftdiv                          cstackCOMRAM 000024
?___ftmul                          cstackCOMRAM 000033
?___ftneg                          cstackCOMRAM 000015
?___ftpack                         cstackCOMRAM 00000F
?___lldiv                          cstackCOMRAM 00001B
?___lltoft                         cstackCOMRAM 000028
?___lmul                           cstackCOMRAM 00000F
?___wmul                           cstackCOMRAM 00000F
?_getTimeMicroSec                  cstackCOMRAM 00000F
_ADCON1                            (abs)        000FC1
_INTCONbits                        (abs)        000FF2
_PORTAbits                         (abs)        000F80
_RA0                               (abs)        007C00
_RA2                               (abs)        007C02
_RA4                               (abs)        007C04
_T0CON                             (abs)        000FD5
_TMR0                              (abs)        000FD6
_TMR0IE                            (abs)        007F95
_TMR0IF                            (abs)        007F92
_TRISA                             (abs)        000F92
_TRISB                             (abs)        000F93
_TRISC                             (abs)        000F94
_UCFGbits                          (abs)        000F6F
_UCONbits                          (abs)        000F6D
__CFG_BOR$ON                       (abs)        000000
__CFG_BORV$3                       (abs)        000000
__CFG_CCP2MX$ON                    (abs)        000000
__CFG_CP0$OFF                      (abs)        000000
__CFG_CP1$OFF                      (abs)        000000
__CFG_CP2$OFF                      (abs)        000000
__CFG_CP3$OFF                      (abs)        000000
__CFG_CPB$OFF                      (abs)        000000
__CFG_CPD$OFF                      (abs)        000000
__CFG_CPUDIV$OSC1_PLL2             (abs)        000000
__CFG_EBTR0$OFF                    (abs)        000000
__CFG_EBTR1$OFF                    (abs)        000000
__CFG_EBTR2$OFF                    (abs)        000000
__CFG_EBTR3$OFF                    (abs)        000000
__CFG_EBTRB$OFF                    (abs)        000000
__CFG_FCMEN$OFF                    (abs)        000000
__CFG_FOSC$XT_XT                   (abs)        000000
__CFG_IESO$OFF                     (abs)        000000
__CFG_LPT1OSC$OFF                  (abs)        000000
__CFG_LVP$ON                       (abs)        000000
__CFG_MCLRE$ON                     (abs)        000000
__CFG_PBADEN$ON                    (abs)        000000
__CFG_PLLDIV$1                     (abs)        000000
__CFG_PWRT$OFF                     (abs)        000000
__CFG_STVREN$ON                    (abs)        000000
__CFG_USBDIV$1                     (abs)        000000
__CFG_VREGEN$OFF                   (abs)        000000
__CFG_WDT$OFF                      (abs)        000000
__CFG_WDTPS$32768                  (abs)        000000
__CFG_WRT0$OFF                     (abs)        000000
__CFG_WRT1$OFF                     (abs)        000000
__CFG_WRT2$OFF                     (abs)        000000
__CFG_WRT3$OFF                     (abs)        000000
__CFG_WRTB$OFF                     (abs)        000000
__CFG_WRTC$OFF                     (abs)        000000
__CFG_WRTD$OFF                     (abs)        000000
__CFG_XINST$OFF                    (abs)        000000
__HRAM                             (abs)        000000
__Habs1                            abs1         000000
__Hbank0                           bank0        000000
__Hbank1                           bank1        000000
__Hbank2                           bank2        000000
__Hbank3                           bank3        000000
__Hbank4                           bank4        000000
__Hbank5                           bank5        000000
__Hbank6                           bank6        000000
__Hbank7                           bank7        000000
__Hbigbss                          bigbss       000000
__Hbigdata                         bigdata      000000
__Hbigram                          bigram       000000
__Hbss                             bss          000000
__HbssCOMRAM                       bssCOMRAM    000000
__Hcinit                           cinit        000000
__Hclrtext                         clrtext      000000
__Hcomram                          comram       000000
__Hconfig                          config       30000E
__Hconst                           const        000000
__HcstackBANK0                     cstackBANK0  000000
__HcstackCOMRAM                    cstackCOMRAM 000000
__Hdata                            data         000000
__HdataBANK1                       dataBANK1    000000
__Heeprom_data                     eeprom_data  000000
__Hend_init                        end_init     00001A
__Hfarbss                          farbss       000000
__Hfardata                         fardata      000000
__Hibigdata                        ibigdata     000000
__Hidata                           idata        000000
__HidataBANK1                      idataBANK1   000000
__Hidloc                           idloc        200008
__Hifardata                        ifardata     000000
__Hinit                            init         000016
__Hintcode                         intcode      000016
__Hintcode_body                    intcode_body 000000
__Hintcodelo                       intcodelo    000016
__Hintentry                        intentry     000000
__Hintret                          intret       000000
__Hintsave_regs                    intsave_regs 000000
__Hirdata                          irdata       000000
__Hmediumconst                     mediumconst  000000
__HnvFARRAM                        nvFARRAM     000000
__Hnvbit                           nvbit        000000
__Hnvrram                          nvrram       000000
__Hparam                           rparam       000000
__Hpowerup                         powerup      000016
__Hram                             ram          000000
__Hramtop                          ramtop       000800
__Hrbit                            rbit         000000
__Hrbss                            rbss         000000
__Hrdata                           rdata        000000
__Hreset_vec                       reset_vec    000004
__Hrparam                          rparam       000000
__Hsfr                             sfr          000000
__Hsmallconst                      smallconst   000852
__Hspace_0                         (abs)        30000E
__Hspace_1                         (abs)        0001C6
__Hspace_2                         (abs)        000000
__Hstack                           stack        000000
__Hstruct                          struct       000000
__Htemp                            temp         000052
__Htext                            text         000000
__Htext0                           text0        000000
__Htext1                           text1        000000
__Htext10                          text10       000000
__Htext11                          text11       000000
__Htext12                          text12       000000
__Htext13                          text13       000000
__Htext14                          text14       000000
__Htext15                          text15       000000
__Htext16                          text16       000000
__Htext17                          text17       000000
__Htext18                          text18       000000
__Htext19                          text19       000000
__Htext2                           text2        000000
__Htext20                          text20       000000
__Htext21                          text21       000000
__Htext22                          text22       000000
__Htext3                           text3        000000
__Htext4                           text4        000000
__Htext5                           text5        000000
__Htext6                           text6        000000
__Htext7                           text7        000000
__Htext8                           text8        000000
__Htext9                           text9        000000
__LRAM                             (abs)        000001
__Labs1                            abs1         000000
__Lbank0                           bank0        000000
__Lbank1                           bank1        000000
__Lbank2                           bank2        000000
__Lbank3                           bank3        000000
__Lbank4                           bank4        000000
__Lbank5                           bank5        000000
__Lbank6                           bank6        000000
__Lbank7                           bank7        000000
__Lbigbss                          bigbss       000000
__Lbigdata                         bigdata      000000
__Lbigram                          bigram       000000
__Lbss                             bss          000000
__LbssCOMRAM                       bssCOMRAM    000000
__Lcinit                           cinit        000000
__Lclrtext                         clrtext      000000
__Lcomram                          comram       000000
__Lconfig                          config       300000
__Lconst                           const        000000
__LcstackBANK0                     cstackBANK0  000000
__LcstackCOMRAM                    cstackCOMRAM 000000
__Ldata                            data         000000
__LdataBANK1                       dataBANK1    000000
__Leeprom_data                     eeprom_data  000000
__Lend_init                        end_init     000016
__Lfarbss                          farbss       000000
__Lfardata                         fardata      000000
__Libigdata                        ibigdata     000000
__Lidata                           idata        000000
__LidataBANK1                      idataBANK1   000000
__Lidloc                           idloc        200000
__Lifardata                        ifardata     000000
__Linit                            init         000016
__Lintcode                         intcode      000008
__Lintcode_body                    intcode_body 000000
__Lintcodelo                       intcodelo    000016
__Lintentry                        intentry     000000
__Lintret                          intret       000000
__Lintsave_regs                    intsave_regs 000000
__Lirdata                          irdata       000000
__Lmediumconst                     mediumconst  000000
__LnvFARRAM                        nvFARRAM     000000
__Lnvbit                           nvbit        000000
__Lnvrram                          nvrram       000000
__Lparam                           rparam       000000
__Lpowerup                         powerup      000016
__Lram                             ram          000000
__Lramtop                          ramtop       000800
__Lrbit                            rbit         000000
__Lrbss                            rbss         000000
__Lrdata                           rdata        000000
__Lreset_vec                       reset_vec    000000
__Lrparam                          rparam       000000
__Lsfr                             sfr          000000
__Lsmallconst                      smallconst   000800
__Lspace_0                         (abs)        000000
__Lspace_1                         (abs)        000000
__Lspace_2                         (abs)        000000
__Lstack                           stack        000000
__Lstruct                          struct       000000
__Ltemp                            temp         000051
__Ltext                            text         000000
__Ltext0                           text0        000000
__Ltext1                           text1        000000
__Ltext10                          text10       000000
__Ltext11                          text11       000000
__Ltext12                          text12       000000
__Ltext13                          text13       000000
__Ltext14                          text14       000000
__Ltext15                          text15       000000
__Ltext16                          text16       000000
__Ltext17                          text17       000000
__Ltext18                          text18       000000
__Ltext19                          text19       000000
__Ltext2                           text2        000000
__Ltext20                          text20       000000
__Ltext21                          text21       000000
__Ltext22                          text22       000000
__Ltext3                           text3        000000
__Ltext4                           text4        000000
__Ltext5                           text5        000000
__Ltext6                           text6        000000
__Ltext7                           text7        000000
__Ltext8                           text8        000000
__Ltext9                           text9        000000
__S0                               (abs)        30000E
__S1                               (abs)        0001C6
__S2                               (abs)        000000
___ftadd                           text9        0014C6
___ftadd@exp1                      cstackCOMRAM 000023
___ftadd@exp2                      cstackCOMRAM 000022
___ftadd@f1                        cstackCOMRAM 000018
___ftadd@f2                        cstackCOMRAM 00001B
___ftadd@sign                      cstackCOMRAM 000021
___ftdiv                           text16       0018AC
___ftdiv@cntr                      cstackCOMRAM 00002D
___ftdiv@exp                       cstackCOMRAM 000031
___ftdiv@f1                        cstackCOMRAM 000024
___ftdiv@f2                        cstackCOMRAM 000027
___ftdiv@f3                        cstackCOMRAM 00002E
___ftdiv@sign                      cstackCOMRAM 000032
___ftge                            text8        001CBE
___ftge@ff1                        cstackCOMRAM 000015
___ftge@ff2                        cstackCOMRAM 000018
___ftmul                           text7        0017B8
___ftmul@cntr                      cstackCOMRAM 000040
___ftmul@exp                       cstackCOMRAM 00003C
___ftmul@f1                        cstackCOMRAM 000033
___ftmul@f2                        cstackCOMRAM 000036
___ftmul@f3_as_product             cstackCOMRAM 00003D
___ftmul@sign                      cstackCOMRAM 000041
___ftneg                           text6        0020C2
___ftneg@f1                        cstackCOMRAM 000015
___ftpack                          text21       001C10
___ftpack@arg                      cstackCOMRAM 00000F
___ftpack@exp                      cstackCOMRAM 000012
___ftpack@sign                     cstackCOMRAM 000013
___inthi_sp                        stack        000000
___intlo_sp                        stack        000000
___lldiv                           text22       001D4E
___lldiv@counter                   cstackCOMRAM 000027
___lldiv@dividend                  cstackCOMRAM 00001B
___lldiv@divisor                   cstackCOMRAM 00001F
___lldiv@quotient                  cstackCOMRAM 000023
___lltoft                          text20       001E52
___lltoft@c                        cstackCOMRAM 000028
___lltoft@exp                      cstackCOMRAM 000030
___lmul                            text19       001EAE
___lmul@multiplicand               cstackCOMRAM 000013
___lmul@multiplier                 cstackCOMRAM 00000F
___lmul@product                    cstackCOMRAM 000017
___param_bank                      (abs)        000010
___rparam_used                     (abs)        000001
___sp                              stack        000000
___wmul                            text5        00209C
___wmul@multiplicand               cstackCOMRAM 000011
___wmul@multiplier                 cstackCOMRAM 00000F
___wmul@product                    cstackCOMRAM 000013
__accesstop                        (abs)        000060
__activetblptr                     (abs)        000001
__end_of___ftadd                   text9        001672
__end_of___ftdiv                   text16       001992
__end_of___ftge                    text8        001D4E
__end_of___ftmul                   text7        0018AC
__end_of___ftneg                   text6        0020E6
__end_of___ftpack                  text21       001CBE
__end_of___lldiv                   text22       001DD0
__end_of___lltoft                  text20       001EAE
__end_of___lmul                    text19       001F04
__end_of___wmul                    text5        0020C2
__end_of__initialization           cinit        00208A
__end_of_blank                     smallconst   000809
__end_of_detectFrequency           text17       001B4A
__end_of_displayClosestNote        text10       000D36
__end_of_displayOutOfTune          text4        001200
__end_of_findTargetFreqs           text3        0014C6
__end_of_getTimeMicroSec           text18       001F9A
__end_of_init_PIC18F2550           text2        002102
__end_of_main                      text0        001A72
__end_of_max7219_init              text1        0017B8
__end_of_max7219_write             text12       002112
__end_of_noteA                     smallconst   000811
__end_of_noteB                     smallconst   000819
__end_of_noteC                     smallconst   000821
__end_of_noteD                     smallconst   000829
__end_of_noteE                     smallconst   000831
__end_of_noteF                     smallconst   000839
__end_of_noteFlat                  smallconst   000841
__end_of_noteG                     smallconst   000849
__end_of_noteSharp                 smallconst   000851
__end_of_sendData                  text13       001FDE
__end_of_storeImageD1              text15       002062
__end_of_storeImageD2              text14       002020
__end_of_tc_int                    intcode_body 001E52
__end_of_update_Displays           text11       001F54
__initialization                   cinit        002062
__mediumconst                      mediumconst  000000
__pbssCOMRAM                       bssCOMRAM    00004D
__pcinit                           cinit        002062
__pcstackBANK0                     cstackBANK0  000060
__pcstackCOMRAM                    cstackCOMRAM 000001
__pdataBANK1                       dataBANK1    000100
__pidataBANK1                      idataBANK1   001B4A
__pintcode                         intcode      000008
__pintcode_body                    intcode_body 001DD0
__psmallconst                      smallconst   000800
__ptext0                           text0        001992
__ptext1                           text1        001672
__ptext10                          text10       000852
__ptext11                          text11       001F04
__ptext12                          text12       002102
__ptext13                          text13       001F9A
__ptext14                          text14       001FDE
__ptext15                          text15       002020
__ptext16                          text16       0018AC
__ptext17                          text17       001A72
__ptext18                          text18       001F54
__ptext19                          text19       001EAE
__ptext2                           text2        0020E6
__ptext20                          text20       001E52
__ptext21                          text21       001C10
__ptext22                          text22       001D4E
__ptext3                           text3        001200
__ptext4                           text4        000D36
__ptext5                           text5        00209C
__ptext6                           text6        0020C2
__ptext7                           text7        0017B8
__ptext8                           text8        001CBE
__ptext9                           text9        0014C6
__ramtop                           ramtop       000800
__size_of___ftadd                  (abs)        000000
__size_of___ftdiv                  (abs)        000000
__size_of___ftge                   (abs)        000000
__size_of___ftmul                  (abs)        000000
__size_of___ftneg                  (abs)        000000
__size_of___ftpack                 (abs)        000000
__size_of___lldiv                  (abs)        000000
__size_of___lltoft                 (abs)        000000
__size_of___lmul                   (abs)        000000
__size_of___wmul                   (abs)        000000
__size_of_detectFrequency          (abs)        000000
__size_of_displayClosestNote       (abs)        000000
__size_of_displayOutOfTune         (abs)        000000
__size_of_findTargetFreqs          (abs)        000000
__size_of_getTimeMicroSec          (abs)        000000
__size_of_init_PIC18F2550          (abs)        000000
__size_of_main                     (abs)        000000
__size_of_max7219_init             (abs)        000000
__size_of_max7219_write            (abs)        000000
__size_of_sendData                 (abs)        000000
__size_of_storeImageD1             (abs)        000000
__size_of_storeImageD2             (abs)        000000
__size_of_tc_int                   (abs)        000000
__size_of_update_Displays          (abs)        000000
__smallconst                       smallconst   000800
_blank                             smallconst   000801
_detectFrequency                   text17       001A72
_displayClosestNote                text10       000852
_displayOutOfTune                  text4        000D36
_findTargetFreqs                   text3        001200
_frequencyList                     dataBANK1    000100
_getTimeMicroSec                   text18       001F54
_init_PIC18F2550                   text2        0020E6
_main                              text0        001992
_max7219_init                      text1        001672
_max7219_write                     text12       002102
_noteA                             smallconst   000809
_noteB                             smallconst   000811
_noteC                             smallconst   000819
_noteD                             smallconst   000821
_noteE                             smallconst   000829
_noteF                             smallconst   000831
_noteFlat                          smallconst   000839
_noteG                             smallconst   000841
_noteSharp                         smallconst   000849
_sendData                          text13       001F9A
_storeImageD1                      text15       002020
_storeImageD2                      text14       001FDE
_tc_int                            intcode      000008
_tickCount                         bssCOMRAM    00004D
_update_Displays                   text11       001F04
btemp                              temp         000051
detectFrequency@finishTimeMicroSec cstackCOMRAM 00003C
detectFrequency@frequency          cstackCOMRAM 000031
detectFrequency@n                  cstackCOMRAM 000041
detectFrequency@startTimeMicroSec  cstackCOMRAM 000038
detectFrequency@x                  cstackCOMRAM 000040
displayClosestNote@closestNote     cstackCOMRAM 000033
displayClosestNote@firstDisplay    cstackCOMRAM 000036
displayClosestNote@secondDisplay   cstackCOMRAM 000038
displayOutOfTune@a                 cstackBANK0  000060
displayOutOfTune@b                 cstackBANK0  000063
displayOutOfTune@c                 cstackBANK0  000069
displayOutOfTune@closestNote       cstackCOMRAM 000045
displayOutOfTune@frequency         cstackCOMRAM 000042
displayOutOfTune@midpoint          cstackBANK0  000066
displayOutOfTune@targetFreqFlat    cstackCOMRAM 00004A
displayOutOfTune@targetFreqSharp   cstackCOMRAM 000048
end_of_initialization              cinit        00208A
findTargetFreqs@count              cstackCOMRAM 00002E
findTargetFreqs@firstDisplay       cstackCOMRAM 000021
findTargetFreqs@found              cstackCOMRAM 00002C
findTargetFreqs@frequency          cstackCOMRAM 00001E
findTargetFreqs@secondDisplay      cstackCOMRAM 000023
findTargetFreqs@targetFreqFlat     cstackCOMRAM 000027
findTargetFreqs@targetFreqSharp    cstackCOMRAM 000025
getTimeMicroSec@temp               cstackCOMRAM 000017
int$flags                          temp         000051
int_func                           intcode_body 001DD0
intlevel0                          text         000000
intlevel1                          text         000000
intlevel2                          text         000000
intlevel3                          text         000000
main@closestNote                   cstackBANK0  00007E
main@firstDisplay                  cstackBANK0  00006C
main@frequency                     cstackBANK0  000085
main@noOfDisplays                  cstackBANK0  00007C
main@secondDisplay                 cstackBANK0  000074
main@targetFreqFlat                cstackBANK0  000083
main@targetFreqSharp               cstackBANK0  000081
max7219_init@i                     cstackCOMRAM 000017
max7219_init@i_314                 cstackCOMRAM 000019
max7219_init@i_315                 cstackCOMRAM 00001B
max7219_init@i_316                 cstackCOMRAM 00001D
max7219_init@i_317                 cstackCOMRAM 00001F
max7219_init@i_318                 cstackCOMRAM 000021
max7219_init@noOfDisplays          cstackCOMRAM 000014
max7219_write@leastSignificantByte cstackCOMRAM 000012
max7219_write@mostSignificantByte  cstackCOMRAM 000013
sendData@data                      cstackCOMRAM 00000F
sendData@i                         cstackCOMRAM 000010
stackhi                            (abs)        0007FF
stacklo                            (abs)        0001C6
start                              init         000016
start_initialization               cinit        002062
storeImageD1@firstDisplay          cstackCOMRAM 000011
storeImageD1@i                     cstackCOMRAM 000015
storeImageD1@image                 cstackCOMRAM 00000F
storeImageD2@i                     cstackCOMRAM 000015
storeImageD2@image                 cstackCOMRAM 00000F
storeImageD2@secondDisplay         cstackCOMRAM 000011
update_Displays@firstDisplay       cstackCOMRAM 000014
update_Displays@i                  cstackCOMRAM 000018
update_Displays@secondDisplay      cstackCOMRAM 000016


FUNCTION INFORMATION:

 *************** function _main *****************
 Defined at:
		line 579 in file "yesgoodfinalprojectpleasework.c"
 Parameters:    Size  Location     Type
		None
 Auto vars:     Size  Location     Type
  secondDispla    8   20[BANK0 ] unsigned char [8]
  firstDisplay    8   12[BANK0 ] unsigned char [8]
  frequency       3   37[BANK0 ] float 
  closestNote     3   30[BANK0 ] float 
  targetFreqFl    2   35[BANK0 ] int 
  targetFreqSh    2   33[BANK0 ] int 
  noOfDisplays    2   28[BANK0 ] int 
 Return value:  Size  Location     Type
		None               void
 Registers used:
		wreg, fsr2l, fsr2h, status,2, status,0, tblptrl, tblptrh, tblptru, prodl, prodh, cstack
 Tracked objects:
		On entry : 
		On exit  : 
		Unchanged: 
 Data sizes:     COMRAM   BANK0   BANK1   BANK2   BANK3   BANK4   BANK5   BANK6   BANK7
      Params:         0       0       0       0       0       0       0       0       0
      Locals:         0      28       0       0       0       0       0       0       0
      Temps:          1       0       0       0       0       0       0       0       0
      Totals:         1      28       0       0       0       0       0       0       0
Total ram usage:       29 bytes
 Hardware stack levels required when called:    5
 This function calls:
		_detectFrequency
		_displayClosestNote
		_displayOutOfTune
		_findTargetFreqs
		_init_PIC18F2550
		_max7219_init
 This function is called by:
		Startup code after reset
 This function uses a non-reentrant model


 *************** function _max7219_init *****************
 Defined at:
		line 317 in file "yesgoodfinalprojectpleasework.c"
 Parameters:    Size  Location     Type
  noOfDisplays    2   19[COMRAM] int 
 Auto vars:     Size  Location     Type
  i               2   32[COMRAM] int 
  i               2   30[COMRAM] int 
  i               2   28[COMRAM] int 
  i               2   26[COMRAM] int 
  i               2   24[COMRAM] int 
  i               2   22[COMRAM] int 
 Return value:  Size  Location     Type
		None               void
 Registers used:
		wreg, status,2, status,0, cstack
 Tracked objects:
		On entry : 
		On exit  : 
		Unchanged: 
 Data sizes:     COMRAM   BANK0   BANK1   BANK2   BANK3   BANK4   BANK5   BANK6   BANK7
      Params:         2       0       0       0       0       0       0       0       0
      Locals:        12       0       0       0       0       0       0       0       0
      Temps:          1       0       0       0       0       0       0       0       0
      Totals:        15       0       0       0       0       0       0       0       0
Total ram usage:       15 bytes
 Hardware stack levels used:    1
 Hardware stack levels required when called:    3
 This function calls:
		_max7219_write
 This function is called by:
		_main
 This function uses a non-reentrant model


 *************** function _init_PIC18F2550 *****************
 Defined at:
		line 305 in file "yesgoodfinalprojectpleasework.c"
 Parameters:    Size  Location     Type
		None
 Auto vars:     Size  Location     Type
		None
 Return value:  Size  Location     Type
		None               void
 Registers used:
		wreg, status,2
 Tracked objects:
		On entry : 
		On exit  : 
		Unchanged: 
 Data sizes:     COMRAM   BANK0   BANK1   BANK2   BANK3   BANK4   BANK5   BANK6   BANK7
      Params:         0       0       0       0       0       0       0       0       0
      Locals:         0       0       0       0       0       0       0       0       0
      Temps:          0       0       0       0       0       0       0       0       0
      Totals:         0       0       0       0       0       0       0       0       0
Total ram usage:        0 bytes
 Hardware stack levels used:    1
 Hardware stack levels required when called:    1
 This function calls:
		Nothing
 This function is called by:
		_main
 This function uses a non-reentrant model


 *************** function _findTargetFreqs *****************
 Defined at:
		line 382 in file "yesgoodfinalprojectpleasework.c"
 Parameters:    Size  Location     Type
  frequency       3   29[COMRAM] float 
  firstDisplay    2   32[COMRAM] PTR unsigned char 
		 -> main@firstDisplay(8), 
  secondDispla    2   34[COMRAM] PTR unsigned char 
		 -> main@secondDisplay(8), 
  targetFreqSh    2   36[COMRAM] int 
  targetFreqFl    2   38[COMRAM] int 
 Auto vars:     Size  Location     Type
  count           2   45[COMRAM] int 
  found           2   43[COMRAM] int 
 Return value:  Size  Location     Type
		None               void
 Registers used:
		wreg, fsr2l, fsr2h, status,2, status,0, tblptrl, tblptrh, tblptru, prodl, prodh, cstack
 Tracked objects:
		On entry : 
		On exit  : 
		Unchanged: 
 Data sizes:     COMRAM   BANK0   BANK1   BANK2   BANK3   BANK4   BANK5   BANK6   BANK7
      Params:        11       0       0       0       0       0       0       0       0
      Locals:         4       0       0       0       0       0       0       0       0
      Temps:          3       0       0       0       0       0       0       0       0
      Totals:        18       0       0       0       0       0       0       0       0
Total ram usage:       18 bytes
 Hardware stack levels used:    1
 Hardware stack levels required when called:    4
 This function calls:
		___ftge
		___wmul
		_storeImageD1
		_storeImageD2
		_update_Displays
 This function is called by:
		_main
 This function uses a non-reentrant model


 *************** function _displayOutOfTune *****************
 Defined at:
		line 429 in file "yesgoodfinalprojectpleasework.c"
 Parameters:    Size  Location     Type
  frequency       3   65[COMRAM] float 
  closestNote     3   68[COMRAM] float 
  targetFreqSh    2   71[COMRAM] int 
  targetFreqFl    2   73[COMRAM] int 
 Auto vars:     Size  Location     Type
  c               3    9[BANK0 ] float 
  midpoint        3    6[BANK0 ] float 
  b               3    3[BANK0 ] float 
  a               3    0[BANK0 ] float 
 Return value:  Size  Location     Type
		None               void
 Registers used:
		wreg, fsr2l, fsr2h, status,2, status,0, prodl, prodh, cstack
 Tracked objects:
		On entry : 
		On exit  : 
		Unchanged: 
 Data sizes:     COMRAM   BANK0   BANK1   BANK2   BANK3   BANK4   BANK5   BANK6   BANK7
      Params:        10       0       0       0       0       0       0       0       0
      Locals:         0      12       0       0       0       0       0       0       0
      Temps:          0       0       0       0       0       0       0       0       0
      Totals:        10      12       0       0       0       0       0       0       0
Total ram usage:       22 bytes
 Hardware stack levels used:    1
 Hardware stack levels required when called:    3
 This function calls:
		___ftadd
		___ftdiv
		___ftge
		___ftmul
		___ftneg
		___wmul
 This function is called by:
		_main
 This function uses a non-reentrant model


 *************** function ___wmul *****************
 Defined at:
		line 15 in file "C:\Program Files (x86)\Microchip\xc8\v1.35\sources\common\Umul16.c"
 Parameters:    Size  Location     Type
  multiplier      2   14[COMRAM] unsigned int 
  multiplicand    2   16[COMRAM] unsigned int 
 Auto vars:     Size  Location     Type
  product         2   18[COMRAM] unsigned int 
 Return value:  Size  Location     Type
                  2   14[COMRAM] unsigned int 
 Registers used:
		wreg, status,2, status,0, prodl, prodh
 Tracked objects:
		On entry : 
		On exit  : 
		Unchanged: 
 Data sizes:     COMRAM   BANK0   BANK1   BANK2   BANK3   BANK4   BANK5   BANK6   BANK7
      Params:         4       0       0       0       0       0       0       0       0
      Locals:         2       0       0       0       0       0       0       0       0
      Temps:          0       0       0       0       0       0       0       0       0
      Totals:         6       0       0       0       0       0       0       0       0
Total ram usage:        6 bytes
 Hardware stack levels used:    1
 Hardware stack levels required when called:    1
 This function calls:
		Nothing
 This function is called by:
		_findTargetFreqs
		_displayOutOfTune
 This function uses a non-reentrant model


 *************** function ___ftneg *****************
 Defined at:
		line 15 in file "C:\Program Files (x86)\Microchip\xc8\v1.35\sources\common\ftneg.c"
 Parameters:    Size  Location     Type
  f1              3   20[COMRAM] float 
 Auto vars:     Size  Location     Type
		None
 Return value:  Size  Location     Type
                  3   20[COMRAM] float 
 Registers used:
		wreg, status,2, status,0
 Tracked objects:
		On entry : 
		On exit  : 
		Unchanged: 
 Data sizes:     COMRAM   BANK0   BANK1   BANK2   BANK3   BANK4   BANK5   BANK6   BANK7
      Params:         3       0       0       0       0       0       0       0       0
      Locals:         0       0       0       0       0       0       0       0       0
      Temps:          0       0       0       0       0       0       0       0       0
      Totals:         3       0       0       0       0       0       0       0       0
Total ram usage:        3 bytes
 Hardware stack levels used:    1
 Hardware stack levels required when called:    1
 This function calls:
		Nothing
 This function is called by:
		_displayOutOfTune
 This function uses a non-reentrant model


 *************** function ___ftmul *****************
 Defined at:
		line 62 in file "C:\Program Files (x86)\Microchip\xc8\v1.35\sources\common\ftmul.c"
 Parameters:    Size  Location     Type
  f1              3   50[COMRAM] float 
  f2              3   53[COMRAM] float 
 Auto vars:     Size  Location     Type
  f3_as_produc    3   60[COMRAM] unsigned um
  sign            1   64[COMRAM] unsigned char 
  cntr            1   63[COMRAM] unsigned char 
  exp             1   59[COMRAM] unsigned char 
 Return value:  Size  Location     Type
                  3   50[COMRAM] float 
 Registers used:
		wreg, status,2, status,0, cstack
 Tracked objects:
		On entry : 
		On exit  : 
		Unchanged: 
 Data sizes:     COMRAM   BANK0   BANK1   BANK2   BANK3   BANK4   BANK5   BANK6   BANK7
      Params:         6       0       0       0       0       0       0       0       0
      Locals:         6       0       0       0       0       0       0       0       0
      Temps:          3       0       0       0       0       0       0       0       0
      Totals:        15       0       0       0       0       0       0       0       0
Total ram usage:       15 bytes
 Hardware stack levels used:    1
 Hardware stack levels required when called:    2
 This function calls:
		___ftpack
 This function is called by:
		_displayOutOfTune
 This function uses a non-reentrant model


 *************** function ___ftge *****************
 Defined at:
		line 4 in file "C:\Program Files (x86)\Microchip\xc8\v1.35\sources\common\ftge.c"
 Parameters:    Size  Location     Type
  ff1             3   20[COMRAM] float 
  ff2             3   23[COMRAM] float 
 Auto vars:     Size  Location     Type
		None
 Return value:  Size  Location     Type
		None               void
 Registers used:
		wreg, status,2, status,0
 Tracked objects:
		On entry : 
		On exit  : 
		Unchanged: 
 Data sizes:     COMRAM   BANK0   BANK1   BANK2   BANK3   BANK4   BANK5   BANK6   BANK7
      Params:         6       0       0       0       0       0       0       0       0
      Locals:         0       0       0       0       0       0       0       0       0
      Temps:          3       0       0       0       0       0       0       0       0
      Totals:         9       0       0       0       0       0       0       0       0
Total ram usage:        9 bytes
 Hardware stack levels used:    1
 Hardware stack levels required when called:    1
 This function calls:
		Nothing
 This function is called by:
		_findTargetFreqs
		_displayOutOfTune
 This function uses a non-reentrant model


 *************** function ___ftadd *****************
 Defined at:
		line 86 in file "C:\Program Files (x86)\Microchip\xc8\v1.35\sources\common\ftadd.c"
 Parameters:    Size  Location     Type
  f1              3   23[COMRAM] float 
  f2              3   26[COMRAM] float 
 Auto vars:     Size  Location     Type
  exp1            1   34[COMRAM] unsigned char 
  exp2            1   33[COMRAM] unsigned char 
  sign            1   32[COMRAM] unsigned char 
 Return value:  Size  Location     Type
                  3   23[COMRAM] float 
 Registers used:
		wreg, status,2, status,0, cstack
 Tracked objects:
		On entry : 
		On exit  : 
		Unchanged: 
 Data sizes:     COMRAM   BANK0   BANK1   BANK2   BANK3   BANK4   BANK5   BANK6   BANK7
      Params:         6       0       0       0       0       0       0       0       0
      Locals:         3       0       0       0       0       0       0       0       0
      Temps:          3       0       0       0       0       0       0       0       0
      Totals:        12       0       0       0       0       0       0       0       0
Total ram usage:       12 bytes
 Hardware stack levels used:    1
 Hardware stack levels required when called:    2
 This function calls:
		___ftpack
 This function is called by:
		_displayOutOfTune
 This function uses a non-reentrant model


 *************** function _displayClosestNote *****************
 Defined at:
		line 516 in file "yesgoodfinalprojectpleasework.c"
 Parameters:    Size  Location     Type
  closestNote     3   50[COMRAM] float 
  firstDisplay    2   53[COMRAM] PTR unsigned char 
		 -> main@firstDisplay(8), 
  secondDispla    2   55[COMRAM] PTR unsigned char 
		 -> main@secondDisplay(8), 
 Auto vars:     Size  Location     Type
		None
 Return value:  Size  Location     Type
		None               void
 Registers used:
		wreg, fsr2l, fsr2h, status,2, status,0, tblptrl, tblptrh, tblptru, prodl, prodh, cstack
 Tracked objects:
		On entry : 
		On exit  : 
		Unchanged: 
 Data sizes:     COMRAM   BANK0   BANK1   BANK2   BANK3   BANK4   BANK5   BANK6   BANK7
      Params:         7       0       0       0       0       0       0       0       0
      Locals:         0       0       0       0       0       0       0       0       0
      Temps:          0       0       0       0       0       0       0       0       0
      Totals:         7       0       0       0       0       0       0       0       0
Total ram usage:        7 bytes
 Hardware stack levels used:    1
 Hardware stack levels required when called:    4
 This function calls:
		___ftdiv
		_storeImageD1
		_storeImageD2
		_update_Displays
 This function is called by:
		_main
 This function uses a non-reentrant model


 *************** function _update_Displays *****************
 Defined at:
		line 293 in file "yesgoodfinalprojectpleasework.c"
 Parameters:    Size  Location     Type
  firstDisplay    2   19[COMRAM] PTR unsigned char 
		 -> main@firstDisplay(8), 
  secondDispla    2   21[COMRAM] PTR unsigned char 
		 -> main@secondDisplay(8), 
 Auto vars:     Size  Location     Type
  i               1   23[COMRAM] unsigned char 
 Return value:  Size  Location     Type
		None               void
 Registers used:
		wreg, fsr2l, fsr2h, status,2, status,0, prodl, prodh, cstack
 Tracked objects:
		On entry : 
		On exit  : 
		Unchanged: 
 Data sizes:     COMRAM   BANK0   BANK1   BANK2   BANK3   BANK4   BANK5   BANK6   BANK7
      Params:         4       0       0       0       0       0       0       0       0
      Locals:         1       0       0       0       0       0       0       0       0
      Temps:          0       0       0       0       0       0       0       0       0
      Totals:         5       0       0       0       0       0       0       0       0
Total ram usage:        5 bytes
 Hardware stack levels used:    1
 Hardware stack levels required when called:    3
 This function calls:
		_max7219_write
 This function is called by:
		_findTargetFreqs
		_displayClosestNote
 This function uses a non-reentrant model


 *************** function _max7219_write *****************
 Defined at:
		line 288 in file "yesgoodfinalprojectpleasework.c"
 Parameters:    Size  Location     Type
  mostSignific    1    wreg     unsigned char 
  leastSignifi    1   17[COMRAM] unsigned char 
 Auto vars:     Size  Location     Type
  mostSignific    1   18[COMRAM] unsigned char 
 Return value:  Size  Location     Type
		None               void
 Registers used:
		wreg, status,2, status,0, cstack
 Tracked objects:
		On entry : 
		On exit  : 
		Unchanged: 
 Data sizes:     COMRAM   BANK0   BANK1   BANK2   BANK3   BANK4   BANK5   BANK6   BANK7
      Params:         1       0       0       0       0       0       0       0       0
      Locals:         1       0       0       0       0       0       0       0       0
      Temps:          0       0       0       0       0       0       0       0       0
      Totals:         2       0       0       0       0       0       0       0       0
Total ram usage:        2 bytes
 Hardware stack levels used:    1
 Hardware stack levels required when called:    2
 This function calls:
		_sendData
 This function is called by:
		_update_Displays
		_max7219_init
 This function uses a non-reentrant model


 *************** function _sendData *****************
 Defined at:
		line 274 in file "yesgoodfinalprojectpleasework.c"
 Parameters:    Size  Location     Type
  data            1    wreg     unsigned char 
 Auto vars:     Size  Location     Type
  data            1   14[COMRAM] unsigned char 
  i               2   15[COMRAM] int 
 Return value:  Size  Location     Type
		None               void
 Registers used:
		wreg, status,2, status,0
 Tracked objects:
		On entry : 
		On exit  : 
		Unchanged: 
 Data sizes:     COMRAM   BANK0   BANK1   BANK2   BANK3   BANK4   BANK5   BANK6   BANK7
      Params:         0       0       0       0       0       0       0       0       0
      Locals:         3       0       0       0       0       0       0       0       0
      Temps:          0       0       0       0       0       0       0       0       0
      Totals:         3       0       0       0       0       0       0       0       0
Total ram usage:        3 bytes
 Hardware stack levels used:    1
 Hardware stack levels required when called:    1
 This function calls:
		Nothing
 This function is called by:
		_max7219_write
 This function uses a non-reentrant model


 *************** function _storeImageD2 *****************
 Defined at:
		line 268 in file "yesgoodfinalprojectpleasework.c"
 Parameters:    Size  Location     Type
  image           2   14[COMRAM] PTR const unsigned char 
		 -> blank(8), noteFlat(8), noteSharp(8), 
  secondDispla    2   16[COMRAM] PTR unsigned char 
		 -> main@secondDisplay(8), 
 Auto vars:     Size  Location     Type
  i               1   20[COMRAM] unsigned char 
 Return value:  Size  Location     Type
		None               void
 Registers used:
		wreg, fsr2l, fsr2h, status,2, status,0, tblptrl, tblptrh, tblptru, prodl, prodh
 Tracked objects:
		On entry : 
		On exit  : 
		Unchanged: 
 Data sizes:     COMRAM   BANK0   BANK1   BANK2   BANK3   BANK4   BANK5   BANK6   BANK7
      Params:         4       0       0       0       0       0       0       0       0
      Locals:         1       0       0       0       0       0       0       0       0
      Temps:          2       0       0       0       0       0       0       0       0
      Totals:         7       0       0       0       0       0       0       0       0
Total ram usage:        7 bytes
 Hardware stack levels used:    1
 Hardware stack levels required when called:    1
 This function calls:
		Nothing
 This function is called by:
		_findTargetFreqs
		_displayClosestNote
 This function uses a non-reentrant model


 *************** function _storeImageD1 *****************
 Defined at:
		line 262 in file "yesgoodfinalprojectpleasework.c"
 Parameters:    Size  Location     Type
  image           2   14[COMRAM] PTR const unsigned char 
		 -> noteG(8), noteF(8), noteE(8), noteD(8), 
		 -> noteC(8), noteB(8), noteA(8), noteFlat(8), 
		 -> noteSharp(8), 
  firstDisplay    2   16[COMRAM] PTR unsigned char 
		 -> main@firstDisplay(8), 
 Auto vars:     Size  Location     Type
  i               1   20[COMRAM] unsigned char 
 Return value:  Size  Location     Type
		None               void
 Registers used:
		wreg, fsr2l, fsr2h, status,2, status,0, tblptrl, tblptrh, tblptru, prodl, prodh
 Tracked objects:
		On entry : 
		On exit  : 
		Unchanged: 
 Data sizes:     COMRAM   BANK0   BANK1   BANK2   BANK3   BANK4   BANK5   BANK6   BANK7
      Params:         4       0       0       0       0       0       0       0       0
      Locals:         1       0       0       0       0       0       0       0       0
      Temps:          2       0       0       0       0       0       0       0       0
      Totals:         7       0       0       0       0       0       0       0       0
Total ram usage:        7 bytes
 Hardware stack levels used:    1
 Hardware stack levels required when called:    1
 This function calls:
		Nothing
 This function is called by:
		_findTargetFreqs
		_displayClosestNote
 This function uses a non-reentrant model


 *************** function ___ftdiv *****************
 Defined at:
		line 54 in file "C:\Program Files (x86)\Microchip\xc8\v1.35\sources\common\ftdiv.c"
 Parameters:    Size  Location     Type
  f1              3   35[COMRAM] float 
  f2              3   38[COMRAM] float 
 Auto vars:     Size  Location     Type
  f3              3   45[COMRAM] float 
  sign            1   49[COMRAM] unsigned char 
  exp             1   48[COMRAM] unsigned char 
  cntr            1   44[COMRAM] unsigned char 
 Return value:  Size  Location     Type
                  3   35[COMRAM] float 
 Registers used:
		wreg, status,2, status,0, cstack
 Tracked objects:
		On entry : 
		On exit  : 
		Unchanged: 
 Data sizes:     COMRAM   BANK0   BANK1   BANK2   BANK3   BANK4   BANK5   BANK6   BANK7
      Params:         6       0       0       0       0       0       0       0       0
      Locals:         6       0       0       0       0       0       0       0       0
      Temps:          3       0       0       0       0       0       0       0       0
      Totals:        15       0       0       0       0       0       0       0       0
Total ram usage:       15 bytes
 Hardware stack levels used:    1
 Hardware stack levels required when called:    2
 This function calls:
		___ftpack
 This function is called by:
		_displayOutOfTune
		_displayClosestNote
 This function uses a non-reentrant model


 *************** function _detectFrequency *****************
 Defined at:
		line 492 in file "yesgoodfinalprojectpleasework.c"
 Parameters:    Size  Location     Type
  n               1    wreg     unsigned char 
  frequency       3   48[COMRAM] float 
 Auto vars:     Size  Location     Type
  n               1   64[COMRAM] unsigned char 
  finishTimeMi    4   59[COMRAM] unsigned long 
  startTimeMic    4   55[COMRAM] unsigned long 
  x               1   63[COMRAM] unsigned char 
 Return value:  Size  Location     Type
                  3   48[COMRAM] float 
 Registers used:
		wreg, status,2, status,0, cstack
 Tracked objects:
		On entry : 
		On exit  : 
		Unchanged: 
 Data sizes:     COMRAM   BANK0   BANK1   BANK2   BANK3   BANK4   BANK5   BANK6   BANK7
      Params:         3       0       0       0       0       0       0       0       0
      Locals:        10       0       0       0       0       0       0       0       0
      Temps:          4       0       0       0       0       0       0       0       0
      Totals:        17       0       0       0       0       0       0       0       0
Total ram usage:       17 bytes
 Hardware stack levels used:    1
 Hardware stack levels required when called:    3
 This function calls:
		___lldiv
		___lltoft
		___lmul
		_getTimeMicroSec
 This function is called by:
		_main
 This function uses a non-reentrant model


 *************** function _getTimeMicroSec *****************
 Defined at:
		line 372 in file "yesgoodfinalprojectpleasework.c"
 Parameters:    Size  Location     Type
		None
 Auto vars:     Size  Location     Type
  temp            4   22[COMRAM] unsigned long 
 Return value:  Size  Location     Type
                  4   14[COMRAM] unsigned long 
 Registers used:
		wreg, status,2, status,0
 Tracked objects:
		On entry : 
		On exit  : 
		Unchanged: 
 Data sizes:     COMRAM   BANK0   BANK1   BANK2   BANK3   BANK4   BANK5   BANK6   BANK7
      Params:         4       0       0       0       0       0       0       0       0
      Locals:         4       0       0       0       0       0       0       0       0
      Temps:          4       0       0       0       0       0       0       0       0
      Totals:        12       0       0       0       0       0       0       0       0
Total ram usage:       12 bytes
 Hardware stack levels used:    1
 Hardware stack levels required when called:    1
 This function calls:
		Nothing
 This function is called by:
		_detectFrequency
 This function uses a non-reentrant model


 *************** function ___lmul *****************
 Defined at:
		line 15 in file "C:\Program Files (x86)\Microchip\xc8\v1.35\sources\common\Umul32.c"
 Parameters:    Size  Location     Type
  multiplier      4   14[COMRAM] unsigned long 
  multiplicand    4   18[COMRAM] unsigned long 
 Auto vars:     Size  Location     Type
  product         4   22[COMRAM] unsigned long 
 Return value:  Size  Location     Type
                  4   14[COMRAM] unsigned long 
 Registers used:
		wreg, status,2, status,0
 Tracked objects:
		On entry : 
		On exit  : 
		Unchanged: 
 Data sizes:     COMRAM   BANK0   BANK1   BANK2   BANK3   BANK4   BANK5   BANK6   BANK7
      Params:         8       0       0       0       0       0       0       0       0
      Locals:         4       0       0       0       0       0       0       0       0
      Temps:          0       0       0       0       0       0       0       0       0
      Totals:        12       0       0       0       0       0       0       0       0
Total ram usage:       12 bytes
 Hardware stack levels used:    1
 Hardware stack levels required when called:    1
 This function calls:
		Nothing
 This function is called by:
		_detectFrequency
 This function uses a non-reentrant model


 *************** function ___lltoft *****************
 Defined at:
		line 35 in file "C:\Program Files (x86)\Microchip\xc8\v1.35\sources\common\lltoft.c"
 Parameters:    Size  Location     Type
  c               4   39[COMRAM] unsigned long 
 Auto vars:     Size  Location     Type
  exp             1   47[COMRAM] unsigned char 
 Return value:  Size  Location     Type
                  3   39[COMRAM] float 
 Registers used:
		wreg, status,2, status,0, cstack
 Tracked objects:
		On entry : 
		On exit  : 
		Unchanged: 
 Data sizes:     COMRAM   BANK0   BANK1   BANK2   BANK3   BANK4   BANK5   BANK6   BANK7
      Params:         4       0       0       0       0       0       0       0       0
      Locals:         1       0       0       0       0       0       0       0       0
      Temps:          4       0       0       0       0       0       0       0       0
      Totals:         9       0       0       0       0       0       0       0       0
Total ram usage:        9 bytes
 Hardware stack levels used:    1
 Hardware stack levels required when called:    2
 This function calls:
		___ftpack
 This function is called by:
		_detectFrequency
 This function uses a non-reentrant model


 *************** function ___ftpack *****************
 Defined at:
		line 62 in file "C:\Program Files (x86)\Microchip\xc8\v1.35\sources\common\float.c"
 Parameters:    Size  Location     Type
  arg             3   14[COMRAM] unsigned um
  exp             1   17[COMRAM] unsigned char 
  sign            1   18[COMRAM] unsigned char 
 Auto vars:     Size  Location     Type
		None
 Return value:  Size  Location     Type
                  3   14[COMRAM] float 
 Registers used:
		wreg, status,2, status,0
 Tracked objects:
		On entry : 
		On exit  : 
		Unchanged: 
 Data sizes:     COMRAM   BANK0   BANK1   BANK2   BANK3   BANK4   BANK5   BANK6   BANK7
      Params:         5       0       0       0       0       0       0       0       0
      Locals:         0       0       0       0       0       0       0       0       0
      Temps:          3       0       0       0       0       0       0       0       0
      Totals:         8       0       0       0       0       0       0       0       0
Total ram usage:        8 bytes
 Hardware stack levels used:    1
 Hardware stack levels required when called:    1
 This function calls:
		Nothing
 This function is called by:
		___ftadd
		___ftdiv
		___ftmul
		___lltoft
 This function uses a non-reentrant model


 *************** function ___lldiv *****************
 Defined at:
		line 8 in file "C:\Program Files (x86)\Microchip\xc8\v1.35\sources\common\lldiv.c"
 Parameters:    Size  Location     Type
  dividend        4   26[COMRAM] unsigned long 
  divisor         4   30[COMRAM] unsigned long 
 Auto vars:     Size  Location     Type
  quotient        4   34[COMRAM] unsigned long 
  counter         1   38[COMRAM] unsigned char 
 Return value:  Size  Location     Type
                  4   26[COMRAM] unsigned long 
 Registers used:
		wreg, status,2, status,0
 Tracked objects:
		On entry : 
		On exit  : 
		Unchanged: 
 Data sizes:     COMRAM   BANK0   BANK1   BANK2   BANK3   BANK4   BANK5   BANK6   BANK7
      Params:         8       0       0       0       0       0       0       0       0
      Locals:         5       0       0       0       0       0       0       0       0
      Temps:          0       0       0       0       0       0       0       0       0
      Totals:        13       0       0       0       0       0       0       0       0
Total ram usage:       13 bytes
 Hardware stack levels used:    1
 Hardware stack levels required when called:    1
 This function calls:
		Nothing
 This function is called by:
		_detectFrequency
 This function uses a non-reentrant model


 *************** function _tc_int *****************
 Defined at:
		line 363 in file "yesgoodfinalprojectpleasework.c"
 Parameters:    Size  Location     Type
		None
 Auto vars:     Size  Location     Type
		None
 Return value:  Size  Location     Type
		None               void
 Registers used:
		wreg, status,2, status,0
 Tracked objects:
		On entry : 
		On exit  : 
		Unchanged: 
 Data sizes:     COMRAM   BANK0   BANK1   BANK2   BANK3   BANK4   BANK5   BANK6   BANK7
      Params:         0       0       0       0       0       0       0       0       0
      Locals:         0       0       0       0       0       0       0       0       0
      Temps:         14       0       0       0       0       0       0       0       0
      Totals:        14       0       0       0       0       0       0       0       0
Total ram usage:       14 bytes
 Hardware stack levels used:    1
 This function calls:
		Nothing
 This function is called by:
		Interrupt level 2
 This function uses a non-reentrant model



MODULE INFORMATION

Module		Function		Class		Link	Load	Size
C:\Program Files (x86)\Microchip\xc8\v1.35\sources\common\ftadd.c
		___ftadd       		CODE           	14C6	0000	429

C:\Program Files (x86)\Microchip\xc8\v1.35\sources\common\ftadd.c estimated size: 429

C:\Program Files (x86)\Microchip\xc8\v1.35\sources\common\Umul32.c
		___lmul        		CODE           	1EAE	0000	87

C:\Program Files (x86)\Microchip\xc8\v1.35\sources\common\Umul32.c estimated size: 87

C:\Program Files (x86)\Microchip\xc8\v1.35\sources\common\ftge.c
		___ftge        		CODE           	1CBE	0000	145

C:\Program Files (x86)\Microchip\xc8\v1.35\sources\common\ftge.c estimated size: 145

C:\Program Files (x86)\Microchip\xc8\v1.35\sources\common\ftneg.c
		___ftneg       		CODE           	20C2	0000	37

C:\Program Files (x86)\Microchip\xc8\v1.35\sources\common\ftneg.c estimated size: 37

yesgoodfinalprojectpleasework.c
		_max7219_write 		CODE           	2102	0000	17
		_update_Displays		CODE           	1F04	0000	81
		_getTimeMicroSec		CODE           	1F54	0000	71
		_displayOutOfTune		CODE           	0D36	0000	1227
		_main          		CODE           	1992	0000	225
		_tc_int        		CODE           	0008	0000	145
		_init_PIC18F2550		CODE           	20E6	0000	29
		_findTargetFreqs		CODE           	1200	0000	711
		_sendData      		CODE           	1F9A	0000	69
		_detectFrequency		CODE           	1A72	0000	217
		_displayClosestNote		CODE           	0852	0000	1253
		_storeImageD1  		CODE           	2020	0000	67
		_storeImageD2  		CODE           	1FDE	0000	67
		_max7219_init  		CODE           	1672	0000	327

yesgoodfinalprojectpleasework.c estimated size: 4506

C:\Program Files (x86)\Microchip\xc8\v1.35\sources\common\float.c
		___ftpack      		CODE           	1C10	0000	175

C:\Program Files (x86)\Microchip\xc8\v1.35\sources\common\float.c estimated size: 175

C:\Program Files (x86)\Microchip\xc8\v1.35\sources\common\lltoft.c
		___lltoft      		CODE           	1E52	0000	93

C:\Program Files (x86)\Microchip\xc8\v1.35\sources\common\lltoft.c estimated size: 93

shared
		_noteD         		SMALLCONST     	0821	0000	9
		_noteSharp     		SMALLCONST     	0849	0000	9
		_noteE         		SMALLCONST     	0829	0000	9
		_noteFlat      		SMALLCONST     	0839	0000	9
		_noteF         		SMALLCONST     	0831	0000	9
		_blank         		SMALLCONST     	0801	0000	9
		_noteA         		SMALLCONST     	0809	0000	9
		__initialization		CODE           	2062	0000	41
		_noteG         		SMALLCONST     	0841	0000	9
		_noteB         		SMALLCONST     	0811	0000	9
		_noteC         		SMALLCONST     	0819	0000	9

shared estimated size: 131

C:\Program Files (x86)\Microchip\xc8\v1.35\sources\common\ftmul.c
		___ftmul       		CODE           	17B8	0000	245

C:\Program Files (x86)\Microchip\xc8\v1.35\sources\common\ftmul.c estimated size: 245

C:\Program Files (x86)\Microchip\xc8\v1.35\sources\common\ftdiv.c
		___ftdiv       		CODE           	18AC	0000	231

C:\Program Files (x86)\Microchip\xc8\v1.35\sources\common\ftdiv.c estimated size: 231

C:\Program Files (x86)\Microchip\xc8\v1.35\sources\common\Umul16.c
		___wmul        		CODE           	209C	0000	39

C:\Program Files (x86)\Microchip\xc8\v1.35\sources\common\Umul16.c estimated size: 39

C:\Program Files (x86)\Microchip\xc8\v1.35\sources\common\lldiv.c
		___lldiv       		CODE           	1D4E	0000	131

C:\Program Files (x86)\Microchip\xc8\v1.35\sources\common\lldiv.c estimated size: 131

